     1                                  bits 32
     2                                  global start        
     3                                  
     4                                  extern exit               
     5                                  import exit msvcrt.dll    
     6                                                            
     7                                  segment data use32 class=data
     8 00000000 01020304                    s db 1,2,3,4
     9                                      len equ $-s
    10 00000004 0000<rept>                  d times len dw 0
    11                                  
    12                                  ; Se da un sir de octeti S de lungime l. Sa se construiasca sirul D de lungime l-1 astfel incat elementele din D sa reprezinte produsul dintre fiecare 2 elemente consecutive S(i) si S(i+1) din S.
    13                                  ; Exemplu:
    14                                  ; S: 1, 2, 3, 4
    15                                  ; D: 2, 6, 12
    16                                  segment code use32 class=code
    17                                      start:
    18 00000000 B800000000                      mov eax,0
    19 00000005 B903000000                      mov ecx,len-1
    20 0000000A BE00000000                      mov esi, 0
    21 0000000F BA00000000                      mov edx, 0
    22 00000014 E318                            jecxz final
    23                                          repeta:
    24 00000016 8A86[00000000]                      mov al,[s+esi]
    25 0000001C 46                                  inc esi
    26 0000001D F6A6[00000000]                      mul byte [s+esi]
    27 00000023 668982[04000000]                    mov [d+edx],ax
    28 0000002A 42                                  inc edx
    29 0000002B 42                                  inc edx
    30 0000002C E2E8                            loop repeta
    31                                      
    32                                      final:
    33 0000002E 6A00                            push    dword 0      
    34 00000030 FF15[00000000]                  call    [exit]       
